2026-09-13T02:50:35.2037600+03:00 KEEP_DB C:\Grisha\unity_projects\forest_survival\stream_bot.sqlite3 size=978944
2026-09-13T02:50:35.2296317+03:00 KEEP_DB C:\Grisha\unity_projects\forest_survival\artifacts\analytics\stream_bot_lab_readonly_20260912.sqlite3 size=1003520
2026-09-13T02:50:35.4974041+03:00 FREE_BEFORE_GB 87.99
2026-09-13T02:50:35.4994180+03:00 DELETE_START _fs_build_tmp
2026-09-13T02:51:58.4091523+03:00 FREE_MID 104.72
2026-09-13T02:51:58.4260023+03:00 WIPE_START C:\Grisha\unity_projects\_fs_build_tmp
2026-09-13T02:51:59.2404185+03:00 WIPE_OK C:\Grisha\unity_projects\_fs_build_tmp
2026-09-13T02:51:59.2827130+03:00 FREE_AFTER_BUILDTMP 105.95
2026-09-13T02:52:21.7994486+03:00 WIPE_START C:\Grisha\unity_projects\forest_survival\results\run_2\videos
2026-09-13T02:54:12.8184834+03:00 WIPE_OK C:\Grisha\unity_projects\forest_survival\results\run_2\videos
2026-09-13T02:54:12.8356093+03:00 DEL_VIDEOS run_2 ~13.98GB
2026-09-13T02:54:13.9930271+03:00 WIPE_START C:\Grisha\unity_projects\forest_survival\results\run_2_curic\videos
2026-09-13T02:54:14.1774206+03:00 WIPE_OK C:\Grisha\unity_projects\forest_survival\results\run_2_curic\videos
2026-09-13T02:54:14.1911986+03:00 DEL_VIDEOS run_2_curic ~0GB
2026-09-13T02:54:15.3226816+03:00 WIPE_START C:\Grisha\unity_projects\forest_survival\results\run_2_curic_frozen\videos
2026-09-13T02:54:15.4059524+03:00 WIPE_OK C:\Grisha\unity_projects\forest_survival\results\run_2_curic_frozen\videos
2026-09-13T02:54:15.4089493+03:00 DEL_VIDEOS run_2_curic_frozen ~0GB
2026-09-13T02:54:18.0828207+03:00 WIPE_START C:\Grisha\unity_projects\forest_survival\results\run_35_final_Jack\videos
2026-09-13T02:54:20.9475092+03:00 WIPE_OK C:\Grisha\unity_projects\forest_survival\results\run_35_final_Jack\videos
2026-09-13T02:54:20.9535151+03:00 DEL_VIDEOS run_35_final_Jack ~0.16GB
2026-09-13T02:54:22.5743961+03:00 WIPE_START C:\Grisha\unity_projects\forest_survival\results\run_39\videos
2026-09-13T02:54:24.6991130+03:00 WIPE_OK C:\Grisha\unity_projects\forest_survival\results\run_39\videos
2026-09-13T02:54:24.7027141+03:00 DEL_VIDEOS run_39 ~0.1GB
2026-09-13T02:54:39.8133193+03:00 WIPE_START C:\Grisha\unity_projects\forest_survival\results\run_40\videos
2026-09-13T02:57:33.0275669+03:00 WIPE_OK C:\Grisha\unity_projects\forest_survival\results\run_40\videos
2026-09-13T02:57:33.0335640+03:00 DEL_VIDEOS run_40 ~13.99GB
2026-09-13T02:57:33.7302125+03:00 WIPE_START C:\Grisha\unity_projects\forest_survival\results\run_40_curic_frozen\videos
2026-09-13T02:57:33.8086821+03:00 WIPE_OK C:\Grisha\unity_projects\forest_survival\results\run_40_curic_frozen\videos
2026-09-13T02:57:33.8109593+03:00 DEL_VIDEOS run_40_curic_frozen ~0GB
2026-09-13T02:57:48.1175118+03:00 WIPE_START C:\Grisha\unity_projects\forest_survival\results\run_8\videos
2026-09-13T02:59:05.4303216+03:00 WIPE_OK C:\Grisha\unity_projects\forest_survival\results\run_8\videos
2026-09-13T02:59:05.4329954+03:00 DEL_VIDEOS run_8 ~7.24GB
2026-09-13T02:59:09.1026435+03:00 WIPE_START C:\Grisha\unity_projects\forest_survival\results\run_8_curic_eval\videos
2026-09-13T02:59:38.7850325+03:00 WIPE_OK C:\Grisha\unity_projects\forest_survival\results\run_8_curic_eval\videos
2026-09-13T02:59:38.7870279+03:00 DEL_VIDEOS run_8_curic_eval ~2.27GB
2026-09-13T02:59:42.8600066+03:00 STRIP_DONE videos_dirs=9 pt_files=7328 onnx_kept=7273 freed_est_GB=74.72
2026-09-13T02:59:42.8699128+03:00 DB_OK C:\Grisha\unity_projects\forest_survival\stream_bot.sqlite3 978944
2026-09-13T02:59:42.8750297+03:00 DB_OK C:\Grisha\unity_projects\forest_survival\artifacts\analytics\stream_bot_lab_readonly_20260912.sqlite3 1003520
2026-09-13T02:59:42.9238464+03:00 FREE_AFTER_RESULTS 181.43
2026-09-13T03:00:41.1779250+03:00 RESULTS_LEFT_GB 15.93
2026-09-13T03:00:41.4943141+03:00 LEFTOVER_VIDEOS_DIRS 0 PT 0
2026-09-13T03:00:41.6809925+03:00 DEL_DOWNLOAD C:\Users\User\Downloads\ubuntu-24.04.4-desktop-amd64.iso 6.2GB
2026-09-13T03:00:41.6926573+03:00 DEL_DOWNLOAD C:\Users\User\Downloads\part1_.mp4 3.72GB
2026-09-13T03:00:41.7102953+03:00 DEL_DOWNLOAD C:\Users\User\Downloads\Telegram Desktop\2026-05-11 01-01-46.mp4 3.63GB
2026-09-13T03:00:51.6700785+03:00 TEMP_CLEANED items=268 ~2.21GB
2026-09-13T03:00:52.5290104+03:00 ROOT_TMP_CLEANED files=264 ~14.9MB
2026-09-13T03:00:52.8152169+03:00 FREE_FINAL 197.21
2026-09-13T03:00:52.8212178+03:00 DB_STILL_OK C:\Grisha\unity_projects\forest_survival\stream_bot.sqlite3
2026-09-13T03:00:52.8253343+03:00 DB_STILL_OK C:\Grisha\unity_projects\forest_survival\artifacts\analytics\stream_bot_lab_readonly_20260912.sqlite3
